// Jest Snapshot v1, https://goo.gl/fbAQLP

exports[`NonfungiblePositionManager #burn gas 1`] = `66076`;

exports[`NonfungiblePositionManager #collect gas transfers both 1`] = `124165`;

exports[`NonfungiblePositionManager #collect gas transfers token0 only 1`] = `117092`;

exports[`NonfungiblePositionManager #collect gas transfers token1 only 1`] = `117299`;

exports[`NonfungiblePositionManager #createAndInitializePoolIfNecessary gas 1`] = `4613465`;

exports[`NonfungiblePositionManager #decreaseLiquidity gas complete decrease 1`] = `152822`;

exports[`NonfungiblePositionManager #decreaseLiquidity gas partial decrease 1`] = `166561`;

exports[`NonfungiblePositionManager #increaseLiquidity gas 1`] = `182520`;

exports[`NonfungiblePositionManager #mint gas first mint for pool 1`] = `625299`;

exports[`NonfungiblePositionManager #mint gas first mint for pool using eth with non-zero refund 1`] = `635641`;

exports[`NonfungiblePositionManager #mint gas first mint for pool using eth with zero refund 1`] = `628416`;

exports[`NonfungiblePositionManager #mint gas mint for same pool, different ticks 1`] = `457755`;

exports[`NonfungiblePositionManager #mint gas mint on same ticks 1`] = `350625`;

exports[`NonfungiblePositionManager #permit owned by eoa gas 1`] = `64528`;

exports[`NonfungiblePositionManager #permit owned by verifying contract gas 1`] = `68325`;

exports[`NonfungiblePositionManager #positions gas 1`] = `19890`;

exports[`NonfungiblePositionManager #transferFrom gas 1`] = `109691`;

exports[`NonfungiblePositionManager #transferFrom gas comes from approved 1`] = `108291`;

exports[`NonfungiblePositionManager bytecode size 1`] = `24414`;

exports[`NonfungiblePositionManager multicall exit gas 1`] = `233432`;
