// Jest Snapshot v1, https://goo.gl/fbAQLP

exports[`PoolAddress #computeAddress gas cost 1`] = `5853`;

exports[`PoolAddress #computeAddress matches example from core repo 1`] = `"0x0000000000000000000000000000000000000000"`;
