// Jest Snapshot v1, https://goo.gl/fbAQLP

exports[`PositionValue #fees when price is above the position range gas 1`] = `52856`;

exports[`PositionValue #fees when price is below the position range gas 1`] = `52824`;

exports[`PositionValue #fees when price is within the position range gas 1`] = `58414`;

exports[`PositionValue #principal gas 1`] = `23001`;

exports[`PositionValue #total gas 1`] = `64975`;
