// Jest Snapshot v1, https://goo.gl/fbAQLP

exports[`SwapRouter gas tests #exactInput 0 -> 1 -> 2 1`] = `181801`;

exports[`SwapRouter gas tests #exactInput 0 -> 1 1`] = `113662`;

exports[`SwapRouter gas tests #exactInput 0 -> 1 minimal 1`] = `98059`;

exports[`SwapRouter gas tests #exactInput 0 -> WETH9 1`] = `133481`;

exports[`SwapRouter gas tests #exactInput 2 trades (via router) 1`] = `198120`;

exports[`SwapRouter gas tests #exactInput 3 trades (directly to sender) 1`] = `271310`;

exports[`SwapRouter gas tests #exactInput WETH9 -> 0 1`] = `111988`;

exports[`SwapRouter gas tests #exactInputSingle 0 -> 1 1`] = `113080`;

exports[`SwapRouter gas tests #exactInputSingle 0 -> WETH9 1`] = `132893`;

exports[`SwapRouter gas tests #exactInputSingle WETH9 -> 0 1`] = `111406`;

exports[`SwapRouter gas tests #exactOutput 0 -> 1 -> 2 1`] = `178579`;

exports[`SwapRouter gas tests #exactOutput 0 -> 1 1`] = `117660`;

exports[`SwapRouter gas tests #exactOutput 0 -> WETH9 1`] = `134724`;

exports[`SwapRouter gas tests #exactOutput WETH9 -> 0 1`] = `125596`;

exports[`SwapRouter gas tests #exactOutputSingle 0 -> 1 1`] = `117867`;

exports[`SwapRouter gas tests #exactOutputSingle 0 -> WETH9 1`] = `134931`;

exports[`SwapRouter gas tests #exactOutputSingle WETH9 -> 0 1`] = `120268`;

exports[`SwapRouter gas tests 3 trades (directly to sender) 1`] = `188746`;
